[
{
    "fields": {
        "updated": "2016-02-14T13:16:31.417Z",
        "reference": "http://www.assemblee-nationale.fr/14/dossiers/liberte_maires_rythmes_scolaires_premier_degre.asp",
        "title": "Education : libre choix des maires concernant les rythmes scolaires dans le premier degr\u00e9",
        "text": "",
        "created": "2016-02-14T13:16:31.417Z",
        "link": "http://www.assemblee-nationale.fr/14/dossiers/liberte_maires_rythmes_scolaires_premier_degre.asp",
        "ext_link": ""
    },
    "model": "representatives_votes.dossier",
    "pk": 1
},
{
    "fields": {
        "updated": "2016-02-14T13:16:31.428Z",
        "reference": "http://www.assemblee-nationale.fr/14/dossiers/action_publique_territoriale_metropoles.asp",
        "title": "Collectivit\u00e9s territoriales : action publique territoriale et m\u00e9tropoles",
        "text": "",
        "created": "2016-02-14T13:16:31.428Z",
        "link": "http://www.assemblee-nationale.fr/14/dossiers/action_publique_territoriale_metropoles.asp",
        "ext_link": "http://www.senat.fr/dossier-legislatif/pjl12-495.html"
    },
    "model": "representatives_votes.dossier",
    "pk": 2
},
{
    "fields": {
        "updated": "2016-02-21T14:34:35.721Z",
        "reference": "http://www.senat.fr/dossier-legislatif/ppl13-799.html",
        "title": "Protection de l'enfant",
        "text": "",
        "created": "2016-02-21T14:34:35.721Z",
        "link": "http://www.senat.fr/dossier-legislatif/ppl13-799.html",
        "ext_link": ""
    },
    "model": "representatives_votes.dossier",
    "pk": 3
}
]
