[
{
    "fields": {
        "updated": "2015-12-13T10:11:31.369Z",
        "reference": "2012/2002(INI)",
        "title": "Agenda for change: the future of EU development policy",
        "text": "",
        "created": "2015-12-13T10:11:31.369Z",
        "link": "http://www.europarl.europa.eu/oeil/popups/ficheprocedure.do?reference=2012/2002(INI)"
    },
    "model": "representatives_votes.dossier",
    "pk": 1
}
]
