[
{
    "fields": {
        "updated": "2015-12-13T10:11:31.369Z",
        "reference": "2012/2002(INI)",
        "title": "Agenda for change: the future of EU development policy",
        "text": "",
        "created": "2015-12-13T10:11:31.369Z",
        "link": "http://www.europarl.europa.eu/oeil/popups/ficheprocedure.do?reference=2012/2002(INI)"
    },
    "model": "representatives_votes.dossier",
    "pk": 1
},
{
    "fields": {
        "updated": "2015-12-13T10:11:31.378Z",
        "reference": "2015/2132(BUD)",
        "title": "2016 general budget: all sections",
        "text": "",
        "created": "2015-12-13T10:11:31.378Z",
        "link": "http://www.europarl.europa.eu/oeil/popups/ficheprocedure.do?reference=2015/2132(BUD)"
    },
    "model": "representatives_votes.dossier",
    "pk": 2
},
{
    "fields": {
        "updated": "2015-12-13T10:11:31.388Z",
        "reference": "2013/2857(DEA)",
        "title": "Scheme of control and enforcement applicable in the area covered by the Convention on future multilateral cooperation in the North-East Atlantic fisheries",
        "text": "",
        "created": "2015-12-13T10:11:31.388Z",
        "link": "http://www.europarl.europa.eu/oeil/popups/ficheprocedure.do?reference=2013/2857(DEA)"
    },
    "model": "representatives_votes.dossier",
    "pk": 3
},
{
    "fields": {
        "updated": "2015-12-13T10:11:31.398Z",
        "reference": "2015/2623(DEA)",
        "title": "Scheme of control and enforcement applicable in the area covered by the Convention on future multilateral cooperation in the North-East Atlantic fisheries",
        "text": "",
        "created": "2015-12-13T10:11:31.398Z",
        "link": "http://www.europarl.europa.eu/oeil/popups/ficheprocedure.do?reference=2015/2623(DEA)"
    },
    "model": "representatives_votes.dossier",
    "pk": 4
},
{
    "fields": {
        "updated": "2015-12-13T10:11:31.408Z",
        "reference": "2009/0051(COD)",
        "title": "Scheme of control and enforcement applicable in the area covered by the Convention on future multilateral cooperation in the North-East Atlantic fisheries",
        "text": "",
        "created": "2015-12-13T10:11:31.408Z",
        "link": "http://www.europarl.europa.eu/oeil/popups/ficheprocedure.do?reference=2009/0051(COD)"
    },
    "model": "representatives_votes.dossier",
    "pk": 5
}
]
